10 dates (2022-01-14), 1.7 min, eta 202 min
20 dates (2022-01-31), 3.5 min, eta 200 min
30 dates (2022-02-14), 9.1 min, eta 347 min
40 dates (2022-03-01), 17.6 min, eta 502 min
50 dates (2022-03-15), 26.3 min, eta 593 min
60 dates (2022-03-29), 34.9 min, eta 650 min
[W917 21:28:59.000000000 CUDACachingAllocator.cpp:3933] memory allocation failed with OOM on device 0 while trying to allocate 253755392 bytes (free: 0, total: 0).
Traceback (most recent call last):
  File "C:\Users\mailt\dev\beatnothing\contestants\kronos_pit.py", line 64, in <module>
    out = pred.predict_batch([dfs[k] for k in sel], [xts[k] for k in sel], [yts[k] for k in sel], pred_len=1,
          ^^^^^^^^^^^^^^^^^^^^^^^^^^^^^^^^^^^^^^^^^^^^^^^^^^^^^^^^^^^^^^^^^^^^^^^^^^^^^^^^^^^^^^^^^^^^^^^^^^^
  File "C:\Users\mailt\dev\beatnothing\kronos\model\kronos.py", line 652, in predict_batch
    preds = self.generate(x_batch, x_stamp_batch, y_stamp_batch, pred_len, T, top_k, top_p, sample_count, verbose)
            ^^^^^^^^^^^^^^^^^^^^^^^^^^^^^^^^^^^^^^^^^^^^^^^^^^^^^^^^^^^^^^^^^^^^^^^^^^^^^^^^^^^^^^^^^^^^^^^^^^^^^^
  File "C:\Users\mailt\dev\beatnothing\kronos\model\kronos.py", line 514, in generate
    preds = auto_regressive_inference(self.tokenizer, self.model, x_tensor, x_stamp_tensor, y_stamp_tensor, self.max_context, pred_len,
            ^^^^^^^^^^^^^^^^^^^^^^^^^^^^^^^^^^^^^^^^^^^^^^^^^^^^^^^^^^^^^^^^^^^^^^^^^^^^^^^^^^^^^^^^^^^^^^^^^^^^^^^^^^^^^^^^^^^^^^^^^^^
  File "C:\Users\mailt\dev\beatnothing\kronos\model\kronos.py", line 436, in auto_regressive_inference
    s1_logits, context = model.decode_s1(input_tokens[0], input_tokens[1], current_stamp)
                         ^^^^^^^^^^^^^^^^^^^^^^^^^^^^^^^^^^^^^^^^^^^^^^^^^^^^^^^^^^^^^^^^
  File "C:\Users\mailt\dev\beatnothing\kronos\model\kronos.py", line 303, in decode_s1
    x = layer(x, key_padding_mask=padding_mask)
        ^^^^^^^^^^^^^^^^^^^^^^^^^^^^^^^^^^^^^^^
  File "C:\Users\mailt\venvs\dl\Lib\site-packages\torch\nn\modules\module.py", line 1778, in _wrapped_call_impl
    return self._call_impl(*args, **kwargs)
           ^^^^^^^^^^^^^^^^^^^^^^^^^^^^^^^^
  File "C:\Users\mailt\venvs\dl\Lib\site-packages\torch\nn\modules\module.py", line 1789, in _call_impl
    return forward_call(*args, **kwargs)
           ^^^^^^^^^^^^^^^^^^^^^^^^^^^^^
  File "C:\Users\mailt\dev\beatnothing\kronos\model\module.py", line 481, in forward
    ffn_out = self.ffn(x)
              ^^^^^^^^^^^
  File "C:\Users\mailt\venvs\dl\Lib\site-packages\torch\nn\modules\module.py", line 1778, in _wrapped_call_impl
    return self._call_impl(*args, **kwargs)
           ^^^^^^^^^^^^^^^^^^^^^^^^^^^^^^^^
  File "C:\Users\mailt\venvs\dl\Lib\site-packages\torch\nn\modules\module.py", line 1789, in _call_impl
    return forward_call(*args, **kwargs)
           ^^^^^^^^^^^^^^^^^^^^^^^^^^^^^
  File "C:\Users\mailt\dev\beatnothing\kronos\model\module.py", line 281, in forward
    return self.ffn_dropout(self.w2(F.silu(self.w1(x)) * self.w3(x)))
                                    ^^^^^^^^^^^^^^^^^^
  File "C:\Users\mailt\venvs\dl\Lib\site-packages\torch\nn\functional.py", line 2445, in silu
    return torch._C._nn.silu(input)
           ^^^^^^^^^^^^^^^^^^^^^^^^
torch.AcceleratorError: CUDA error: out of memory
Search for `cudaErrorMemoryAllocation' in https://docs.nvidia.com/cuda/cuda-runtime-api/group__CUDART__TYPES.html for more information.
For more detailed error information, run with CUDA_LOG_FILE=stderr

