362 missing leavers, 55 already probed, 362 to fetch, 75s apart
[1/362] AABA   200 rows  3717 2005-01-03 -> 2019-11-06
[2/362] ABI    200 rows   309 2025-06-26 -> 2026-09-17
[3/362] ABKFQ  200 rows   740 2010-11-09 -> 2013-10-17
[4/362] ABS    200 rows     0  -> 
[5/362] ACAS   200 rows  3028 2005-01-03 -> 2017-01-11
[6/362] ACS    200 rows   259 2010-02-05 -> 2011-02-14
[7/362] ACV    200 rows  2847 2015-05-22 -> 2026-09-17
[8/362] ADCT   200 rows  1593 2020-05-15 -> 2026-09-17
[9/362] ADS    200 rows     0  -> 
[10/362] ADT    200 rows  2177 2018-01-19 -> 2026-09-17
[11/362] AET    200 rows  3502 2005-01-03 -> 2018-11-28
[12/362] AGN    200 rows  3864 2005-01-03 -> 2020-05-08
[13/362] AIV    200 rows  5461 2005-01-03 -> 2026-09-17
[14/362] AKS    200 rows  3825 2005-01-03 -> 2020-03-13
[15/362] ALTR   200 rows  1859 2017-11-01 -> 2025-03-26
[16/362] AMCC   200 rows  3044 2005-01-03 -> 2017-02-03
[17/362] AMG    200 rows  5461 2005-01-03 -> 2026-09-17
[18/362] AN     200 rows  5461 2005-01-03 -> 2026-09-17
[19/362] ANDV   200 rows  3460 2005-01-03 -> 2018-09-28
[20/362] ANDW   200 rows     0  -> 
[21/362] ANF    200 rows  5461 2005-01-03 -> 2026-09-17
[22/362] ANRZQ  200 rows  2877 2005-02-15 -> 2016-07-27
[23/362] APC    200 rows   150 2026-02-12 -> 2026-09-17
[24/362] APCC   200 rows     0  -> 
[25/362] APOL   200 rows   243 2016-01-04 -> 2017-02-09
[26/362] ARG    200 rows  2872 2005-01-03 -> 2016-05-31
[27/362] ARNC   200 rows   851 2020-04-01 -> 2023-08-17
[28/362] ASH    200 rows  5461 2005-01-03 -> 2026-09-17
[29/362] ASN    200 rows     0  -> 
[30/362] ASO    200 rows  1496 2020-10-02 -> 2026-09-17
[31/362] AT     200 rows     3 2026-09-15 -> 2026-09-17
